// Jest Snapshot v1, https://jestjs.io/docs/snapshot-testing

exports[`Calendar test suite snapshot test 1`] = `
<div>
  <div
    class="calendarContainer"
  >
    <div
      class="row"
      style="margin-left: 10px;"
    >
      <h1>
        January
      </h1>
      <h1
        style="color: rgb(138, 92, 245); margin-left: 5px;"
      >
        2026
      </h1>
      <h5>
        Loading GitHub activity...
      </h5>
    </div>
    <div
      class="calendar"
    >
      <div
        class="calendarDayContainer"
      >
        <p
          class="calendarTextLabel"
          style="color: rgb(73, 73, 73);"
        >
          28
        </p>
        <div>
          <div
            style="height: 8px; aspect-ratio: 1;"
          />
        </div>
      </div>
      <div
        class="calendarDayContainer"
      >
        <p
          class="calendarTextLabel"
          style="color: rgb(73, 73, 73);"
        >
          29
        </p>
        <div>
          <div
            style="height: 8px; aspect-ratio: 1;"
          />
        </div>
      </div>
      <div
        class="calendarDayContainer"
      >
        <p
          class="calendarTextLabel"
          style="color: rgb(73, 73, 73);"
        >
          30
        </p>
        <div>
          <div
            style="height: 8px; aspect-ratio: 1;"
          />
        </div>
      </div>
      <div
        class="calendarDayContainer"
      >
        <p
          class="calendarTextLabel"
          style="color: rgb(73, 73, 73);"
        >
          31
        </p>
        <div>
          <div
            style="height: 8px; aspect-ratio: 1;"
          />
        </div>
      </div>
      <div
        class="calendarDayContainer"
      >
        <p
          class="calendarTextLabel"
          style="color: inherit;"
        >
          1
        </p>
        <div>
          <div
            style="height: 8px; aspect-ratio: 1;"
          />
        </div>
      </div>
      <div
        class="calendarDayContainer"
      >
        <p
          class="calendarTextLabel"
          style="color: inherit;"
        >
          2
        </p>
        <div>
          <div
            style="height: 8px; aspect-ratio: 1;"
          />
        </div>
      </div>
      <div
        class="calendarDayContainer"
      >
        <p
          class="calendarTextLabel"
          style="color: inherit;"
        >
          3
        </p>
        <div>
          <div
            style="height: 8px; aspect-ratio: 1;"
          />
        </div>
      </div>
      <div
        class="calendarDayContainer"
      >
        <p
          class="calendarTextLabel"
          style="color: inherit;"
        >
          4
        </p>
        <div>
          <div
            style="height: 8px; aspect-ratio: 1;"
          />
        </div>
      </div>
      <div
        class="calendarDayContainer"
      >
        <p
          class="calendarTextLabel"
          style="color: inherit;"
        >
          5
        </p>
        <div>
          <div
            style="height: 8px; aspect-ratio: 1;"
          />
        </div>
      </div>
      <div
        class="calendarDayContainer"
      >
        <p
          class="calendarTextLabel"
          style="color: inherit;"
        >
          6
        </p>
        <div>
          <div
            style="height: 8px; aspect-ratio: 1;"
          />
        </div>
      </div>
      <div
        class="calendarDayContainer"
      >
        <p
          class="calendarTextLabel"
          style="color: inherit;"
        >
          7
        </p>
        <div>
          <div
            style="height: 8px; aspect-ratio: 1;"
          />
        </div>
      </div>
      <div
        class="calendarDayContainer"
      >
        <p
          class="calendarTextLabel"
          style="color: inherit;"
        >
          8
        </p>
        <div>
          <div
            style="height: 8px; aspect-ratio: 1;"
          />
        </div>
      </div>
      <div
        class="calendarDayContainer"
      >
        <p
          class="calendarTextLabel"
          style="color: inherit;"
        >
          9
        </p>
        <div>
          <div
            style="height: 8px; aspect-ratio: 1;"
          />
        </div>
      </div>
      <div
        class="calendarDayContainer"
      >
        <p
          class="calendarTextLabel"
          style="color: inherit;"
        >
          10
        </p>
        <div>
          <div
            style="height: 8px; aspect-ratio: 1;"
          />
        </div>
      </div>
      <div
        class="calendarDayContainer"
      >
        <p
          class="calendarTextLabel"
          style="color: inherit;"
        >
          11
        </p>
        <div>
          <div
            style="height: 8px; aspect-ratio: 1;"
          />
        </div>
      </div>
      <div
        class="calendarDayContainer"
      >
        <p
          class="calendarTextLabel"
          style="color: inherit;"
        >
          12
        </p>
        <div>
          <div
            style="height: 8px; aspect-ratio: 1;"
          />
        </div>
      </div>
      <div
        class="calendarDayContainer"
      >
        <p
          class="calendarTextLabel"
          style="color: inherit;"
        >
          13
        </p>
        <div>
          <div
            style="height: 8px; aspect-ratio: 1;"
          />
        </div>
      </div>
      <div
        class="calendarDayContainer"
      >
        <p
          class="calendarTextLabel"
          style="color: inherit;"
        >
          14
        </p>
        <div>
          <div
            style="height: 8px; aspect-ratio: 1;"
          />
        </div>
      </div>
      <div
        class="calendarDayContainer"
      >
        <p
          class="calendarTextLabel"
          style="color: rgb(138, 92, 245);"
        >
          15
        </p>
        <div>
          <div
            style="height: 8px; aspect-ratio: 1;"
          />
        </div>
      </div>
      <div
        class="calendarDayContainer"
      >
        <p
          class="calendarTextLabel"
          style="color: inherit;"
        >
          16
        </p>
        <div>
          <div
            style="height: 8px; aspect-ratio: 1;"
          />
        </div>
      </div>
      <div
        class="calendarDayContainer"
      >
        <p
          class="calendarTextLabel"
          style="color: inherit;"
        >
          17
        </p>
        <div>
          <div
            style="height: 8px; aspect-ratio: 1;"
          />
        </div>
      </div>
      <div
        class="calendarDayContainer"
      >
        <p
          class="calendarTextLabel"
          style="color: inherit;"
        >
          18
        </p>
        <div>
          <div
            style="height: 8px; aspect-ratio: 1;"
          />
        </div>
      </div>
      <div
        class="calendarDayContainer"
      >
        <p
          class="calendarTextLabel"
          style="color: inherit;"
        >
          19
        </p>
        <div>
          <div
            style="height: 8px; aspect-ratio: 1;"
          />
        </div>
      </div>
      <div
        class="calendarDayContainer"
      >
        <p
          class="calendarTextLabel"
          style="color: inherit;"
        >
          20
        </p>
        <div>
          <div
            style="height: 8px; aspect-ratio: 1;"
          />
        </div>
      </div>
      <div
        class="calendarDayContainer"
      >
        <p
          class="calendarTextLabel"
          style="color: inherit;"
        >
          21
        </p>
        <div>
          <div
            style="height: 8px; aspect-ratio: 1;"
          />
        </div>
      </div>
      <div
        class="calendarDayContainer"
      >
        <p
          class="calendarTextLabel"
          style="color: inherit;"
        >
          22
        </p>
        <div>
          <div
            style="height: 8px; aspect-ratio: 1;"
          />
        </div>
      </div>
      <div
        class="calendarDayContainer"
      >
        <p
          class="calendarTextLabel"
          style="color: inherit;"
        >
          23
        </p>
        <div>
          <div
            style="height: 8px; aspect-ratio: 1;"
          />
        </div>
      </div>
      <div
        class="calendarDayContainer"
      >
        <p
          class="calendarTextLabel"
          style="color: inherit;"
        >
          24
        </p>
        <div>
          <div
            style="height: 8px; aspect-ratio: 1;"
          />
        </div>
      </div>
      <div
        class="calendarDayContainer"
      >
        <p
          class="calendarTextLabel"
          style="color: inherit;"
        >
          25
        </p>
        <div>
          <div
            style="height: 8px; aspect-ratio: 1;"
          />
        </div>
      </div>
      <div
        class="calendarDayContainer"
      >
        <p
          class="calendarTextLabel"
          style="color: inherit;"
        >
          26
        </p>
        <div>
          <div
            style="height: 8px; aspect-ratio: 1;"
          />
        </div>
      </div>
      <div
        class="calendarDayContainer"
      >
        <p
          class="calendarTextLabel"
          style="color: inherit;"
        >
          27
        </p>
        <div>
          <div
            style="height: 8px; aspect-ratio: 1;"
          />
        </div>
      </div>
      <div
        class="calendarDayContainer"
      >
        <p
          class="calendarTextLabel"
          style="color: inherit;"
        >
          28
        </p>
        <div>
          <div
            style="height: 8px; aspect-ratio: 1;"
          />
        </div>
      </div>
      <div
        class="calendarDayContainer"
      >
        <p
          class="calendarTextLabel"
          style="color: inherit;"
        >
          29
        </p>
        <div>
          <div
            style="height: 8px; aspect-ratio: 1;"
          />
        </div>
      </div>
      <div
        class="calendarDayContainer"
      >
        <p
          class="calendarTextLabel"
          style="color: inherit;"
        >
          30
        </p>
        <div>
          <div
            style="height: 8px; aspect-ratio: 1;"
          />
        </div>
      </div>
      <div
        class="calendarDayContainer"
      >
        <p
          class="calendarTextLabel"
          style="color: inherit;"
        >
          31
        </p>
        <div>
          <div
            style="height: 8px; aspect-ratio: 1;"
          />
        </div>
      </div>
      <div
        class="calendarDayContainer"
      >
        <p
          class="calendarTextLabel"
          style="color: rgb(73, 73, 73);"
        >
          1
        </p>
        <div>
          <div
            style="height: 8px; aspect-ratio: 1;"
          />
        </div>
      </div>
      <div
        class="calendarDayContainer"
      >
        <p
          class="calendarTextLabel"
          style="color: rgb(73, 73, 73);"
        >
          2
        </p>
        <div>
          <div
            style="height: 8px; aspect-ratio: 1;"
          />
        </div>
      </div>
      <div
        class="calendarDayContainer"
      >
        <p
          class="calendarTextLabel"
          style="color: rgb(73, 73, 73);"
        >
          3
        </p>
        <div>
          <div
            style="height: 8px; aspect-ratio: 1;"
          />
        </div>
      </div>
      <div
        class="calendarDayContainer"
      >
        <p
          class="calendarTextLabel"
          style="color: rgb(73, 73, 73);"
        >
          4
        </p>
        <div>
          <div
            style="height: 8px; aspect-ratio: 1;"
          />
        </div>
      </div>
      <div
        class="calendarDayContainer"
      >
        <p
          class="calendarTextLabel"
          style="color: rgb(73, 73, 73);"
        >
          5
        </p>
        <div>
          <div
            style="height: 8px; aspect-ratio: 1;"
          />
        </div>
      </div>
      <div
        class="calendarDayContainer"
      >
        <p
          class="calendarTextLabel"
          style="color: rgb(73, 73, 73);"
        >
          6
        </p>
        <div>
          <div
            style="height: 8px; aspect-ratio: 1;"
          />
        </div>
      </div>
      <div
        class="calendarDayContainer"
      >
        <p
          class="calendarTextLabel"
          style="color: rgb(73, 73, 73);"
        >
          7
        </p>
        <div>
          <div
            style="height: 8px; aspect-ratio: 1;"
          />
        </div>
      </div>
    </div>
    <button>
      Refresh
    </button>
  </div>
</div>
`;
